Starting project at /app
(node:70064) [DEP0040] DeprecationWarning: The `punycode` module is deprecated. Please use a userland alternative instead.
(Use `node --trace-deprecation ...` to show where the warning was created)
Using src/app as the root directory for Expo Router.
Starting Metro Bundler
The following packages should be updated for best compatibility with the installed expo version:
  @expo/vector-icons@14.0.2 - expected version: ^14.0.3
  expo@51.0.22 - expected version: ~51.0.39
  expo-font@12.0.9 - expected version: ~12.0.10
  expo-router@3.5.18 - expected version: ~3.5.24
  expo-splash-screen@0.27.5 - expected version: ~0.27.7
  react-native@0.74.3 - expected version: 0.74.5
  jest-expo@51.0.3 - expected version: ~51.0.4
Your project may not work correctly until you install the expected versions of the packages.
Waiting on http://localhost:8081
Logs for your project will appear below.
λ Bundled 15881ms node_modules/expo-router/node/render.js (770 modules)

Metro error: middleware is not a function

[0m [90m 405 |[39m       dispatch[33m:[39m (action[33m,[39m [33m...[39margs) [33m=>[39m dispatch(action[33m,[39m [33m...[39margs)
 [90m 406 |[39m     }[33m;[39m
[31m[1m>[22m[39m[90m 407 |[39m     [36mconst[39m chain [33m=[39m middlewares[33m.[39mmap((middleware) [33m=>[39m middleware(middlewareAPI))[33m;[39m
 [90m     |[39m                                                   [31m[1m^[22m[39m
 [90m 408 |[39m     dispatch [33m=[39m compose([33m...[39mchain)(store[33m.[39mdispatch)[33m;[39m
 [90m 409 |[39m     [36mreturn[39m {
 [90m 410 |[39m       [33m...[39mstore[33m,[39m[0m

Call Stack
  map (node_modules/redux/dist/cjs/redux.cjs:407:51)
  Array.map (<anonymous>)
  <unknown> (node_modules/redux/dist/cjs/redux.cjs:407:31)
  createStore (node_modules/redux/dist/cjs/redux.cjs:133:33)
  legacy_createStore (node_modules/redux/dist/cjs/redux.cjs:258:10)
  factory (src/app/store.ts:17:40)
  loadModuleImplementation (node_modules/metro-runtime/src/polyfills/require.js:273:5)
  guardedLoadModule (node_modules/metro-runtime/src/polyfills/require.js:180:12)
  require (node_modules/metro-runtime/src/polyfills/require.js:89:7)
  <unknown> (src/features/TodolistsList/TodolistsList.tsx:2)
Web Bundled 18678ms node_modules/expo-router/entry.js (788 modules)
Web Bundled 4553ms node_modules/expo-router/_error.js (334 modules)
λ Bundled 65ms node_modules/expo-router/node/render.js (1 module)
Error: ENOENT: no such file or directory, open '/app/node_modules/expo-router/node/render.js.bundle?platform=web&dev=true&hot=false&transform.engine=hermes&transform.routerRoot=src%2Fapp&resolver.environment=node&transform.environment=node'
    at Object.readFileSync (node:fs:440:20)
    at getCodeFrame (/app/node_modules/metro/src/Server.js:868:18)
    at Server._symbolicate (/app/node_modules/metro/src/Server.js:945:22)
    at processTicksAndRejections (node:internal/process/task_queues:103:5)
    at Server._processRequest (/app/node_modules/metro/src/Server.js:394:7) {
  errno: -2,
  code: 'ENOENT',
  syscall: 'open',
  path: '/app/node_modules/expo-router/node/render.js.bundle?platform=web&dev=true&hot=false&transform.engine=hermes&transform.routerRoot=src%2Fapp&resolver.environment=node&transform.environment=node'
}

Metro error: beforeEach is not defined


Call Stack
  factory (/app/node_modules/expo-router/node/render.js.bundle:89159:3)
  loadModuleImplementation (node_modules/metro-runtime/src/polyfills/require.js:273:5)
  guardedLoadModule (node_modules/metro-runtime/src/polyfills/require.js:173:21)
  require (node_modules/metro-runtime/src/polyfills/require.js:89:7)
  Object.get [as ./app-reducer.test.ts] (src/app:5:63)
  metroContext (src/app:11:15)
  Object.loadRoute (node_modules/expo-router/build/getRoutesCore.js:72:17)
  getDirectoryTree (node_modules/expo-router/build/getRoutesCore.js:84:21)
  getRoutes (node_modules/expo-router/build/getRoutesCore.js:20:5)
  getRoutes (node_modules/expo-router/build/getRoutes.js:19:24)
Error: ENOENT: no such file or directory, open '/app/node_modules/expo-router/node/render.js.bundle?platform=web&dev=true&hot=false&transform.engine=hermes&transform.routerRoot=src%2Fapp&resolver.environment=node&transform.environment=node'
    at Object.readFileSync (node:fs:440:20)
    at getCodeFrame (/app/node_modules/metro/src/Server.js:868:18)
    at Server._symbolicate (/app/node_modules/metro/src/Server.js:945:22)
    at processTicksAndRejections (node:internal/process/task_queues:103:5)
    at Server._processRequest (/app/node_modules/metro/src/Server.js:394:7) {
  errno: -2,
  code: 'ENOENT',
  syscall: 'open',
  path: '/app/node_modules/expo-router/node/render.js.bundle?platform=web&dev=true&hot=false&transform.engine=hermes&transform.routerRoot=src%2Fapp&resolver.environment=node&transform.environment=node'
}
Web Bundled 21ms node_modules/expo-router/_error.js (1 module)
Web Bundled 689ms node_modules/expo-router/entry.js (1 module)
λ Bundled 74ms node_modules/expo-router/node/render.js (1 module)
Web Bundled 629ms node_modules/expo-router/entry.js (1 module)
Web Bundled 7775ms node_modules/expo-router/entry.js (788 modules)
 LOG  [web] Logs will appear in the browser console
λ Bundled 141ms node_modules/expo-router/node/render.js (1 module)
λ  WARN  editable is deprecated. Use readOnly.
λ  WARN  accessibilityLabel is deprecated. Use aria-label.
λ  WARN  TouchableOpacity is deprecated. Please use Pressable.
λ  WARN  accessibilityDisabled is deprecated.
λ  WARN  accessibilityRole is deprecated. Use role.
λ  WARN  focusable is deprecated.
Web Bundled 691ms node_modules/expo-router/entry.js (1 module)
Web Bundled 122ms node_modules/expo-router/entry.js (1 module)
 LOG  [web] Logs will appear in the browser console
λ Bundled 177ms node_modules/expo-router/node/render.js (1 module)
λ  WARN  editable is deprecated. Use readOnly.
  renderWithHooks (node_modules/expo-router/node/render.js.bundle?platform=web&dev=true&hot=false&transform.engine=hermes&transform.routerRoot=src%2Fapp&resolver.environment=node&transform.environment=node:114269:22)
  renderNodeDestructive (node_modules/expo-router/node/render.js.bundle?platform=web&dev=true&hot=false&transform.engine=hermes&transform.routerRoot=src%2Fapp&resolver.environment=node&transform.environment=node:114618:20)
λ  WARN  accessibilityLabel is deprecated. Use aria-label.
  renderWithHooks (node_modules/expo-router/node/render.js.bundle?platform=web&dev=true&hot=false&transform.engine=hermes&transform.routerRoot=src%2Fapp&resolver.environment=node&transform.environment=node:114269:22)
  renderNodeDestructive (node_modules/expo-router/node/render.js.bundle?platform=web&dev=true&hot=false&transform.engine=hermes&transform.routerRoot=src%2Fapp&resolver.environment=node&transform.environment=node:114618:20)
λ  WARN  TouchableOpacity is deprecated. Please use Pressable.
  renderWithHooks (node_modules/expo-router/node/render.js.bundle?platform=web&dev=true&hot=false&transform.engine=hermes&transform.routerRoot=src%2Fapp&resolver.environment=node&transform.environment=node:114269:22)
  renderMemo (node_modules/expo-router/node/render.js.bundle?platform=web&dev=true&hot=false&transform.engine=hermes&transform.routerRoot=src%2Fapp&resolver.environment=node&transform.environment=node:114439:9)
  renderNodeDestructive (node_modules/expo-router/node/render.js.bundle?platform=web&dev=true&hot=false&transform.engine=hermes&transform.routerRoot=src%2Fapp&resolver.environment=node&transform.environment=node:114618:20)
λ  WARN  accessibilityDisabled is deprecated.
  renderWithHooks (node_modules/expo-router/node/render.js.bundle?platform=web&dev=true&hot=false&transform.engine=hermes&transform.routerRoot=src%2Fapp&resolver.environment=node&transform.environment=node:114269:22)
  renderNodeDestructive (node_modules/expo-router/node/render.js.bundle?platform=web&dev=true&hot=false&transform.engine=hermes&transform.routerRoot=src%2Fapp&resolver.environment=node&transform.environment=node:114618:20)
λ  WARN  accessibilityRole is deprecated. Use role.
  renderWithHooks (node_modules/expo-router/node/render.js.bundle?platform=web&dev=true&hot=false&transform.engine=hermes&transform.routerRoot=src%2Fapp&resolver.environment=node&transform.environment=node:114269:22)
  renderNodeDestructive (node_modules/expo-router/node/render.js.bundle?platform=web&dev=true&hot=false&transform.engine=hermes&transform.routerRoot=src%2Fapp&resolver.environment=node&transform.environment=node:114618:20)
λ  WARN  focusable is deprecated.
  renderWithHooks (node_modules/expo-router/node/render.js.bundle?platform=web&dev=true&hot=false&transform.engine=hermes&transform.routerRoot=src%2Fapp&resolver.environment=node&transform.environment=node:114269:22)
  renderNodeDestructive (node_modules/expo-router/node/render.js.bundle?platform=web&dev=true&hot=false&transform.engine=hermes&transform.routerRoot=src%2Fapp&resolver.environment=node&transform.environment=node:114618:20)
Web Bundled 771ms node_modules/expo-router/entry.js (1 module)
Web Bundled 224ms node_modules/expo-router/entry.js (1 module)
 LOG  [web] Logs will appear in the browser console
λ Bundled 33ms node_modules/expo-router/node/render.js (1 module)
λ  WARN  editable is deprecated. Use readOnly.
  renderWithHooks (node_modules/expo-router/node/render.js.bundle?platform=web&dev=true&hot=false&transform.engine=hermes&transform.routerRoot=src%2Fapp&resolver.environment=node&transform.environment=node:114269:22)
  renderNodeDestructive (node_modules/expo-router/node/render.js.bundle?platform=web&dev=true&hot=false&transform.engine=hermes&transform.routerRoot=src%2Fapp&resolver.environment=node&transform.environment=node:114618:20)
λ  WARN  accessibilityLabel is deprecated. Use aria-label.
  renderWithHooks (node_modules/expo-router/node/render.js.bundle?platform=web&dev=true&hot=false&transform.engine=hermes&transform.routerRoot=src%2Fapp&resolver.environment=node&transform.environment=node:114269:22)
  renderNodeDestructive (node_modules/expo-router/node/render.js.bundle?platform=web&dev=true&hot=false&transform.engine=hermes&transform.routerRoot=src%2Fapp&resolver.environment=node&transform.environment=node:114618:20)
λ  WARN  TouchableOpacity is deprecated. Please use Pressable.
  renderWithHooks (node_modules/expo-router/node/render.js.bundle?platform=web&dev=true&hot=false&transform.engine=hermes&transform.routerRoot=src%2Fapp&resolver.environment=node&transform.environment=node:114269:22)
  renderMemo (node_modules/expo-router/node/render.js.bundle?platform=web&dev=true&hot=false&transform.engine=hermes&transform.routerRoot=src%2Fapp&resolver.environment=node&transform.environment=node:114439:9)
  renderNodeDestructive (node_modules/expo-router/node/render.js.bundle?platform=web&dev=true&hot=false&transform.engine=hermes&transform.routerRoot=src%2Fapp&resolver.environment=node&transform.environment=node:114618:20)
λ  WARN  accessibilityDisabled is deprecated.
  renderWithHooks (node_modules/expo-router/node/render.js.bundle?platform=web&dev=true&hot=false&transform.engine=hermes&transform.routerRoot=src%2Fapp&resolver.environment=node&transform.environment=node:114269:22)
  renderNodeDestructive (node_modules/expo-router/node/render.js.bundle?platform=web&dev=true&hot=false&transform.engine=hermes&transform.routerRoot=src%2Fapp&resolver.environment=node&transform.environment=node:114618:20)
λ  WARN  accessibilityRole is deprecated. Use role.
  renderWithHooks (node_modules/expo-router/node/render.js.bundle?platform=web&dev=true&hot=false&transform.engine=hermes&transform.routerRoot=src%2Fapp&resolver.environment=node&transform.environment=node:114269:22)
  renderNodeDestructive (node_modules/expo-router/node/render.js.bundle?platform=web&dev=true&hot=false&transform.engine=hermes&transform.routerRoot=src%2Fapp&resolver.environment=node&transform.environment=node:114618:20)
λ  WARN  focusable is deprecated.
  renderWithHooks (node_modules/expo-router/node/render.js.bundle?platform=web&dev=true&hot=false&transform.engine=hermes&transform.routerRoot=src%2Fapp&resolver.environment=node&transform.environment=node:114269:22)
  renderNodeDestructive (node_modules/expo-router/node/render.js.bundle?platform=web&dev=true&hot=false&transform.engine=hermes&transform.routerRoot=src%2Fapp&resolver.environment=node&transform.environment=node:114618:20)
Web Bundled 422ms node_modules/expo-router/entry.js (1 module)
Web Bundled 54ms node_modules/expo-router/entry.js (1 module)
 LOG  [web] Logs will appear in the browser console
